../Core/Src/main.c:94:5:main	8	static
../Core/Src/main.c:177:6:SystemClock_Config	88	static
../Core/Src/main.c:224:13:MX_ADC1_Init	24	static
../Core/Src/main.c:271:13:MX_TIM1_Init	112	static
../Core/Src/main.c:353:13:MX_TIM2_Init	56	static
../Core/Src/main.c:405:13:MX_TIM3_Init	56	static
../Core/Src/main.c:457:13:MX_USART1_UART_Init	8	static
../Core/Src/main.c:490:13:MX_GPIO_Init	16	static
../Core/Src/main.c:507:10:Read_ADC1_Polling	16	static
../Core/Src/main.c:523:6:HAL_TIM_PeriodElapsedCallback	32	static
../Core/Src/main.c:549:6:Error_Handler	4	static,ignoring_inline_asm
