../Core/Src/main.c:127:5:main	8
../Core/Src/main.c:225:6:SystemClock_Config	4
../Core/Src/main.c:272:13:MX_ADC1_Init	6
../Core/Src/main.c:346:13:MX_TIM1_Init	9
../Core/Src/main.c:432:13:MX_TIM2_Init	5
../Core/Src/main.c:484:13:MX_USART1_UART_Init	2
../Core/Src/main.c:515:13:MX_DMA_Init	1
../Core/Src/main.c:533:13:MX_GPIO_Init	1
../Core/Src/main.c:563:7:retornaVolt	2
../Core/Src/main.c:577:18:checkPedal	4
../Core/Src/main.c:590:18:CheckVoltSensor	7
../Core/Src/main.c:628:7:CalculoPID	3
../Core/Src/main.c:651:6:Error_Handler	1
