../Core/Src/main.c:126:5:main	8
../Core/Src/main.c:224:6:SystemClock_Config	4
../Core/Src/main.c:271:13:MX_ADC1_Init	6
../Core/Src/main.c:345:13:MX_TIM1_Init	9
../Core/Src/main.c:431:13:MX_TIM2_Init	5
../Core/Src/main.c:483:13:MX_USART1_UART_Init	2
../Core/Src/main.c:514:13:MX_DMA_Init	1
../Core/Src/main.c:532:13:MX_GPIO_Init	1
../Core/Src/main.c:562:7:retornaVolt	2
../Core/Src/main.c:576:18:checkPedal	4
../Core/Src/main.c:589:18:CheckVoltSensor	7
../Core/Src/main.c:627:7:PID_Calculate	3
../Core/Src/main.c:650:6:Error_Handler	1
