../Core/Src/main.c:126:5:main	24	static
../Core/Src/main.c:224:6:SystemClock_Config	88	static
../Core/Src/main.c:271:13:MX_ADC1_Init	24	static
../Core/Src/main.c:345:13:MX_TIM1_Init	112	static
../Core/Src/main.c:431:13:MX_TIM2_Init	56	static
../Core/Src/main.c:483:13:MX_USART1_UART_Init	8	static
../Core/Src/main.c:514:13:MX_DMA_Init	16	static
../Core/Src/main.c:532:13:MX_GPIO_Init	40	static
../Core/Src/main.c:562:7:retornaVolt	32	static
../Core/Src/main.c:576:18:checkPedal	32	static
../Core/Src/main.c:589:18:CheckVoltSensor	24	static
../Core/Src/main.c:627:7:PID_Calculate	40	static
../Core/Src/main.c:650:6:Error_Handler	4	static,ignoring_inline_asm
