../Core/Src/main.c:125:5:main	16	static
../Core/Src/main.c:221:7:retornaVolt	32	static
../Core/Src/main.c:235:18:checkPedal	32	static
../Core/Src/main.c:248:18:CheckVoltSensor	24	static
../Core/Src/main.c:286:7:PID_Calculate	40	static
../Core/Src/main.c:308:6:SystemClock_Config	88	static
../Core/Src/main.c:355:13:MX_ADC1_Init	24	static
../Core/Src/main.c:429:13:MX_TIM1_Init	112	static
../Core/Src/main.c:515:13:MX_USART1_UART_Init	8	static
../Core/Src/main.c:546:13:MX_DMA_Init	16	static
../Core/Src/main.c:564:13:MX_GPIO_Init	40	static
../Core/Src/main.c:599:6:Error_Handler	4	static,ignoring_inline_asm
