2026-04-28 07:32:15,103 [INFO] WebApp:194 - Connection lost
2026-04-28 07:32:19,988 [INFO] WebApp:191 - Connection restablished
2026-04-28 07:32:22,481 [INFO] WebApp:194 - Connection lost
2026-04-28 07:32:22,782 [INFO] WebApp:191 - Connection restablished
2026-04-28 07:32:38,262 [INFO] WebApp:194 - Connection lost
2026-04-28 07:32:38,517 [INFO] WebApp:191 - Connection restablished
2026-04-28 13:32:47,655 [INFO] WebApp:194 - Connection lost
2026-04-28 13:32:48,174 [INFO] WebApp:191 - Connection restablished
2026-04-28 13:32:54,454 [INFO] WebApp:194 - Connection lost
2026-04-28 13:32:54,816 [INFO] WebApp:191 - Connection restablished
2026-04-28 13:32:58,404 [INFO] WebApp:194 - Connection lost
2026-04-28 13:32:58,643 [INFO] WebApp:191 - Connection restablished
2026-04-28 17:14:22,684 [INFO] WebApp:194 - Connection lost
2026-04-28 17:14:23,158 [INFO] WebApp:191 - Connection restablished
2026-04-28 17:14:25,638 [INFO] WebApp:194 - Connection lost
2026-04-28 17:14:26,100 [INFO] WebApp:191 - Connection restablished
2026-04-28 17:17:03,811 [INFO] WebApp:194 - Connection lost
2026-04-28 17:17:04,044 [INFO] WebApp:191 - Connection restablished
2026-04-28 19:03:48,684 [INFO] WebApp:194 - Connection lost
2026-04-28 19:08:43,239 [INFO] WebApp:191 - Connection restablished
2026-04-28 19:08:45,483 [INFO] WebApp:194 - Connection lost
2026-04-28 19:08:45,673 [INFO] WebApp:191 - Connection restablished
2026-04-28 19:08:48,763 [INFO] WebApp:194 - Connection lost
2026-04-28 19:08:48,920 [INFO] WebApp:191 - Connection restablished
2026-04-28 19:09:05,168 [INFO] WebApp:194 - Connection lost
2026-04-28 19:09:05,415 [INFO] WebApp:191 - Connection restablished
2026-04-28 19:11:24,263 [INFO] WebApp:194 - Connection lost
2026-04-28 19:11:24,550 [INFO] WebApp:191 - Connection restablished
2026-04-28 19:12:55,762 [INFO] WebApp:194 - Connection lost
2026-04-28 19:12:55,982 [INFO] WebApp:191 - Connection restablished
2026-04-28 19:14:26,755 [INFO] WebApp:194 - Connection lost
2026-04-28 19:14:26,976 [INFO] WebApp:191 - Connection restablished
2026-04-28 19:15:58,263 [INFO] WebApp:194 - Connection lost
2026-04-28 19:15:58,473 [INFO] WebApp:191 - Connection restablished
2026-04-28 19:17:28,749 [INFO] WebApp:194 - Connection lost
2026-04-28 19:17:30,098 [INFO] WebApp:191 - Connection restablished
2026-04-28 19:19:00,257 [INFO] WebApp:194 - Connection lost
2026-04-28 19:19:00,559 [INFO] WebApp:191 - Connection restablished
2026-04-28 19:20:30,758 [INFO] WebApp:194 - Connection lost
2026-04-28 19:20:30,976 [INFO] WebApp:191 - Connection restablished
2026-04-28 19:22:02,814 [INFO] WebApp:194 - Connection lost
2026-04-28 19:22:03,048 [INFO] WebApp:191 - Connection restablished
2026-04-28 19:23:33,269 [INFO] WebApp:194 - Connection lost
2026-04-28 19:23:33,679 [INFO] WebApp:191 - Connection restablished
2026-04-28 19:25:04,773 [INFO] WebApp:194 - Connection lost
2026-04-28 19:25:05,074 [INFO] WebApp:191 - Connection restablished
2026-04-28 19:26:35,260 [INFO] WebApp:194 - Connection lost
2026-04-28 19:26:35,529 [INFO] WebApp:191 - Connection restablished
2026-04-28 19:28:06,771 [INFO] WebApp:194 - Connection lost
2026-04-28 19:28:07,289 [INFO] WebApp:191 - Connection restablished
2026-04-28 19:29:37,759 [INFO] WebApp:194 - Connection lost
2026-04-28 19:29:38,167 [INFO] WebApp:191 - Connection restablished
2026-04-28 19:31:09,263 [INFO] WebApp:194 - Connection lost
2026-04-28 19:31:09,492 [INFO] WebApp:191 - Connection restablished
2026-04-28 19:32:39,768 [INFO] WebApp:194 - Connection lost
2026-04-28 19:32:39,980 [INFO] WebApp:191 - Connection restablished
2026-04-28 19:34:11,259 [INFO] WebApp:194 - Connection lost
2026-04-28 19:34:11,596 [INFO] WebApp:191 - Connection restablished
2026-04-28 19:35:42,258 [INFO] WebApp:194 - Connection lost
2026-04-28 19:35:42,495 [INFO] WebApp:191 - Connection restablished
2026-04-28 19:37:12,768 [INFO] WebApp:194 - Connection lost
2026-04-28 19:37:13,077 [INFO] WebApp:191 - Connection restablished
2026-04-28 19:38:43,267 [INFO] WebApp:194 - Connection lost
2026-04-28 19:38:43,482 [INFO] WebApp:191 - Connection restablished
2026-04-28 19:40:14,273 [INFO] WebApp:194 - Connection lost
2026-04-28 19:40:14,582 [INFO] WebApp:191 - Connection restablished
2026-04-28 19:41:45,756 [INFO] WebApp:194 - Connection lost
2026-04-28 19:41:45,967 [INFO] WebApp:191 - Connection restablished
2026-04-28 19:43:16,268 [INFO] WebApp:194 - Connection lost
2026-04-28 19:43:16,487 [INFO] WebApp:191 - Connection restablished
2026-04-28 19:44:46,761 [INFO] WebApp:194 - Connection lost
2026-04-28 19:44:46,977 [INFO] WebApp:191 - Connection restablished
2026-04-28 19:46:17,273 [INFO] WebApp:194 - Connection lost
2026-04-28 19:46:17,573 [INFO] WebApp:191 - Connection restablished
2026-04-28 19:47:47,760 [INFO] WebApp:194 - Connection lost
2026-04-28 19:47:48,414 [INFO] WebApp:191 - Connection restablished
2026-04-28 19:49:18,761 [INFO] WebApp:194 - Connection lost
2026-04-28 19:49:19,197 [INFO] WebApp:191 - Connection restablished
2026-04-28 19:50:49,259 [INFO] WebApp:194 - Connection lost
2026-04-28 19:50:49,477 [INFO] WebApp:191 - Connection restablished
2026-04-28 19:52:20,765 [INFO] WebApp:194 - Connection lost
2026-04-28 19:52:21,778 [INFO] WebApp:191 - Connection restablished
2026-04-28 19:53:51,271 [INFO] WebApp:194 - Connection lost
2026-04-28 19:53:51,536 [INFO] WebApp:191 - Connection restablished
2026-04-28 19:55:26,272 [INFO] WebApp:194 - Connection lost
2026-04-28 19:55:26,576 [INFO] WebApp:191 - Connection restablished
2026-04-28 20:28:57,764 [INFO] WebApp:194 - Connection lost
2026-04-28 20:28:58,141 [INFO] WebApp:191 - Connection restablished
2026-04-28 20:30:29,267 [INFO] WebApp:194 - Connection lost
2026-04-28 20:30:29,511 [INFO] WebApp:191 - Connection restablished
2026-04-28 20:31:59,767 [INFO] WebApp:194 - Connection lost
2026-04-28 20:31:59,978 [INFO] WebApp:191 - Connection restablished
2026-04-28 20:33:30,261 [INFO] WebApp:194 - Connection lost
2026-04-28 20:33:30,546 [INFO] WebApp:191 - Connection restablished
2026-04-28 20:35:02,267 [INFO] WebApp:194 - Connection lost
2026-04-28 20:35:02,474 [INFO] WebApp:191 - Connection restablished
2026-04-28 20:36:32,771 [INFO] WebApp:194 - Connection lost
2026-04-28 20:36:33,083 [INFO] WebApp:191 - Connection restablished
2026-04-28 20:38:04,259 [INFO] WebApp:194 - Connection lost
2026-04-28 20:38:04,468 [INFO] WebApp:191 - Connection restablished
2026-04-28 20:39:34,809 [INFO] WebApp:194 - Connection lost
2026-04-28 20:39:35,061 [INFO] WebApp:191 - Connection restablished
2026-04-28 20:41:12,468 [INFO] WebApp:194 - Connection lost
2026-04-28 20:41:16,833 [INFO] WebApp:191 - Connection restablished
2026-04-28 20:51:12,277 [INFO] WebApp:194 - Connection lost
2026-04-28 20:51:15,520 [INFO] WebApp:191 - Connection restablished
2026-04-28 20:51:18,800 [INFO] WebApp:194 - Connection lost
2026-04-28 20:51:21,315 [INFO] WebApp:191 - Connection restablished
2026-04-28 21:38:49,064 [INFO] WebApp:403 - JxBrowser engine has been closed 
2026-04-28 22:55:00,224 [INFO] Gpio:278 - dependency for GPIO [ADC1, RCC, SYS, TIM1, USART1]
2026-04-28 22:55:23,255 [INFO] Gpio:278 - dependency for GPIO [ADC1, RCC, SYS, TIM1, USART1]
2026-04-28 22:57:36,500 [INFO] UtilMem:75 - End SaveConfig() Used Memory: 745131984 Bytes (1073741824)
2026-04-28 22:57:38,190 [INFO] UtilMem:75 - End SaveConfig() Used Memory: 764532688 Bytes (1073741824)
2026-04-28 23:21:38,652 [INFO] UtilMem:75 - End SaveConfig() Used Memory: 986635344 Bytes (1073741824)
