2026-03-31 21:10:58,056 [INFO] Activator:176 - 


2026-03-31 21:10:58,062 [INFO] Activator:177 - !SESSION log4j initialized
2026-03-31 21:11:05,017 [INFO] LogOutputStream:77 - [STDOUT_REDIRECT] 
2026-03-31 21:11:07,074 [INFO] ApplicationProperties:184 - Using Application install path: C:\ST\STM32CubeIDE_1.19.0\STM32CubeIDE\plugins\com.st.stm32cube.common.mx_6.15.0.202507011659
2026-03-31 21:11:07,101 [INFO] DbMcusXml:78 - Set database path to: C:\ST\STM32CubeIDE_1.19.0\STM32CubeIDE\plugins\com.st.stm32cube.common.mx_6.15.0.202507011659\\db\/mcu/
2026-03-31 21:11:07,101 [INFO] ApiDb:274 - Set plugin database path to: C:\ST\STM32CubeIDE_1.19.0\STM32CubeIDE\plugins\com.st.stm32cube.common.mx_6.15.0.202507011659\\db\/plugins/boardmanager/
2026-03-31 21:11:07,101 [WARN] ApiDb:259 - Overriding images path with different value:  => C:\ST\STM32CubeIDE_1.19.0\STM32CubeIDE\plugins\com.st.stm32cube.common.mx_6.15.0.202507011659\\db\/plugins/mcufinder/images/
2026-03-31 21:11:07,117 [INFO] ApiDb:250 - Set database path to: C:\Users\User\.stmcufinder\plugins\mcufinder//mcu/
2026-03-31 21:11:07,119 [INFO] DbMcusAds:125 - Set database path to: C:\Users\User\.stmcufinder\plugins\mcufinder//mcu/
2026-03-31 21:11:07,123 [INFO] CrossReferenceDbSqlite:203 - Set database path to: C:\Users\User\.stmcufinder\plugins\mcufinder//mcu/cs/
2026-03-31 21:11:07,268 [INFO] RulesReader:64 - Compatibility file has been processed (317 Rules)
2026-03-31 21:11:07,470 [INFO] DbMcusXml:78 - Set database path to: C:\ST\STM32CubeIDE_1.19.0\STM32CubeIDE\plugins\com.st.stm32cube.common.mx_6.15.0.202507011659\\db\/mcu/
2026-03-31 21:11:07,471 [INFO] ApiDb:274 - Set plugin database path to: C:\ST\STM32CubeIDE_1.19.0\STM32CubeIDE\plugins\com.st.stm32cube.common.mx_6.15.0.202507011659\\db\/plugins/boardmanager/
2026-03-31 21:11:07,471 [INFO] ApiDb:261 - Set plugin images path to: C:\ST\STM32CubeIDE_1.19.0\STM32CubeIDE\plugins\com.st.stm32cube.common.mx_6.15.0.202507011659\\db\/plugins/mcufinder/images/
2026-03-31 21:11:07,471 [WARN] DbFile:41 - Overriding database path with different value: C:\Users\User\.stmcufinder\plugins\mcufinder/ => C:\Users\User\.stmcufinder\plugins\mcufinder
2026-03-31 21:11:07,472 [INFO] ApiDb:250 - Set database path to: C:\Users\User\.stmcufinder\plugins\mcufinder//mcu/
2026-03-31 21:11:07,473 [WARN] DbFile:41 - Overriding database path with different value: C:\Users\User\.stmcufinder\plugins\mcufinder/ => C:\Users\User\.stmcufinder\plugins\mcufinder
2026-03-31 21:11:07,473 [INFO] DbMcusAds:125 - Set database path to: C:\Users\User\.stmcufinder\plugins\mcufinder//mcu/
2026-03-31 21:11:07,473 [WARN] DbFile:41 - Overriding database path with different value: C:\Users\User\.stmcufinder\plugins\mcufinder/ => C:\Users\User\.stmcufinder\plugins\mcufinder
2026-03-31 21:11:07,473 [WARN] DbFile:41 - Overriding database path with different value: C:\Users\User\.stmcufinder\plugins\mcufinder/ => C:\Users\User\.stmcufinder\plugins\mcufinder
2026-03-31 21:11:07,474 [INFO] CrossReferenceDbSqlite:203 - Set database path to: C:\Users\User\.stmcufinder\plugins\mcufinder//mcu/cs/
2026-03-31 21:11:07,614 [INFO] MainPanel:274 - HeapMemory: 268435456
2026-03-31 21:11:07,804 [INFO] DbMcusXml:78 - Set database path to: C:\ST\STM32CubeIDE_1.19.0\STM32CubeIDE\plugins\com.st.stm32cube.common.mx_6.15.0.202507011659\\db\/mcu/
2026-03-31 21:11:07,804 [INFO] ApiDb:274 - Set plugin database path to: C:\ST\STM32CubeIDE_1.19.0\STM32CubeIDE\plugins\com.st.stm32cube.common.mx_6.15.0.202507011659\\db\/plugins/boardmanager/
2026-03-31 21:11:07,804 [INFO] ApiDb:261 - Set plugin images path to: C:\ST\STM32CubeIDE_1.19.0\STM32CubeIDE\plugins\com.st.stm32cube.common.mx_6.15.0.202507011659\\db\/plugins/mcufinder/images/
2026-03-31 21:11:07,804 [WARN] DbFile:41 - Overriding database path with different value: C:\Users\User\.stmcufinder\plugins\mcufinder/ => C:\Users\User\.stmcufinder\plugins\mcufinder
2026-03-31 21:11:07,804 [INFO] ApiDb:250 - Set database path to: C:\Users\User\.stmcufinder\plugins\mcufinder//mcu/
2026-03-31 21:11:07,805 [WARN] DbFile:41 - Overriding database path with different value: C:\Users\User\.stmcufinder\plugins\mcufinder/ => C:\Users\User\.stmcufinder\plugins\mcufinder
2026-03-31 21:11:07,805 [INFO] DbMcusAds:125 - Set database path to: C:\Users\User\.stmcufinder\plugins\mcufinder//mcu/
2026-03-31 21:11:07,805 [WARN] DbFile:41 - Overriding database path with different value: C:\Users\User\.stmcufinder\plugins\mcufinder/ => C:\Users\User\.stmcufinder\plugins\mcufinder
2026-03-31 21:11:07,805 [WARN] DbFile:41 - Overriding database path with different value: C:\Users\User\.stmcufinder\plugins\mcufinder/ => C:\Users\User\.stmcufinder\plugins\mcufinder
2026-03-31 21:11:07,805 [INFO] CrossReferenceDbSqlite:203 - Set database path to: C:\Users\User\.stmcufinder\plugins\mcufinder//mcu/cs/
2026-03-31 21:11:07,827 [INFO] ApplicationProperties:184 - Using Application install path: C:\ST\STM32CubeIDE_1.19.0\STM32CubeIDE\plugins\com.st.stm32cube.common.mx_6.15.0.202507011659
2026-03-31 21:11:07,829 [INFO] PluginManage:196 - Search for loadable plugins [exclusion list=, ]
2026-03-31 21:11:07,831 [INFO] PluginManage:310 - Check plugin analytics
2026-03-31 21:11:08,100 [INFO] AnalyticsPlugin:253 - Accepted Software Licenses: STM32CubeMX.6.16.1,STM32CubeMX.6.17.0
2026-03-31 21:11:08,100 [INFO] AnalyticsPlugin:255 - Accepted CMSIS Pack Licenses: 
2026-03-31 21:11:08,100 [INFO] AnalyticsPlugin:257 - Accepted Firmware Licenses: FW.C0.1.1.0
2026-03-31 21:11:08,106 [INFO] PluginManage:359 - Loaded plugin analytics (category:tool,tabindex:-1)
2026-03-31 21:11:08,106 [INFO] PluginManage:310 - Check plugin cadmodel
2026-03-31 21:11:08,113 [INFO] CADModel:105 - Init CAD model plugin
2026-03-31 21:11:08,114 [INFO] PluginManage:359 - Loaded plugin cadmodel (category:power,tabindex:5)
2026-03-31 21:11:08,114 [INFO] PluginManage:310 - Check plugin clock
2026-03-31 21:11:08,131 [INFO] PluginManage:359 - Loaded plugin clock (category:base,tabindex:2)
2026-03-31 21:11:08,131 [INFO] PluginManage:310 - Check plugin ddr
2026-03-31 21:11:08,134 [INFO] PluginManage:359 - Loaded plugin ddr (category:tool,tabindex:6)
2026-03-31 21:11:08,135 [INFO] PluginManage:310 - Check plugin filemanager
2026-03-31 21:11:08,298 [INFO] PluginManage:359 - Loaded plugin filemanager (category:base,tabindex:10)
2026-03-31 21:11:08,298 [INFO] PluginManage:310 - Check plugin ipmanager
2026-03-31 21:11:08,306 [INFO] PluginManage:359 - Loaded plugin ipmanager (category:base,tabindex:5)
2026-03-31 21:11:08,306 [INFO] PluginManage:310 - Check plugin lpbam
2026-03-31 21:11:08,316 [INFO] PluginManage:359 - Loaded plugin lpbam (category:base,tabindex:0)
2026-03-31 21:11:08,316 [INFO] PluginManage:310 - Check plugin memorymap
2026-03-31 21:11:08,332 [INFO] PluginManage:359 - Loaded plugin memorymap (category:base,tabindex:4)
2026-03-31 21:11:08,332 [INFO] PluginManage:310 - Check plugin pinoutandconfiguration
2026-03-31 21:11:08,344 [INFO] PluginManage:359 - Loaded plugin pinoutandconfiguration (category:base,tabindex:1)
2026-03-31 21:11:08,344 [INFO] PluginManage:310 - Check plugin pinoutconfig
2026-03-31 21:11:08,475 [WARN] SupportedApi:132 - Cannot load RTOS API schema: s4s-elt-must-match.1: The content of 'definitions' must match (annotation?, (simpleType | complexType)?, (unique | key | keyref)*)). A problem was found starting at: attribute.
2026-03-31 21:11:08,783 [INFO] PluginManage:359 - Loaded plugin pinoutconfig (category:base,tabindex:0)
2026-03-31 21:11:08,783 [INFO] PluginManage:310 - Check plugin power
2026-03-31 21:11:08,804 [INFO] PluginManage:359 - Loaded plugin power (category:power,tabindex:4)
2026-03-31 21:11:08,804 [INFO] PluginManage:310 - Check plugin projectmanager
2026-03-31 21:11:08,829 [INFO] PluginManage:359 - Loaded plugin projectmanager (category:projectmanager,tabindex:4)
2026-03-31 21:11:08,829 [INFO] PluginManage:310 - Check plugin rif
2026-03-31 21:11:08,842 [INFO] PluginManage:359 - Loaded plugin rif (category:base,tabindex:3)
2026-03-31 21:11:08,842 [INFO] PluginManage:310 - Check plugin thirdparty
2026-03-31 21:11:09,045 [INFO] PluginManage:359 - Loaded plugin thirdparty (category:base,tabindex:-1)
2026-03-31 21:11:09,045 [WARN] IntegrityCheckThread:84 - waiting for thirdparty lock release [integrity check]
2026-03-31 21:11:09,046 [INFO] PluginManage:310 - Check plugin tools
2026-03-31 21:11:09,046 [INFO] IntegrityCheckThread:86 - entering critical section [integrity check]
2026-03-31 21:11:09,047 [INFO] ThirdPartyUpdaterWithRetryManager:70 - Updater plugin not ready yet. [1/15]
2026-03-31 21:11:09,052 [INFO] PluginManage:359 - Loaded plugin tools (category:base,tabindex:7)
2026-03-31 21:11:09,052 [INFO] PluginManage:310 - Check plugin tutovideos
2026-03-31 21:11:09,369 [INFO] PluginManage:359 - Loaded plugin tutovideos (category:base,tabindex:-1)
2026-03-31 21:11:09,370 [INFO] PluginManage:310 - Check plugin updater
2026-03-31 21:11:09,399 [INFO] PluginManage:359 - Loaded plugin updater (category:base,tabindex:12)
2026-03-31 21:11:09,399 [INFO] PluginManage:310 - Check plugin userauth
2026-03-31 21:11:09,404 [INFO] UserAuth:118 - Init User Auth plugin
2026-03-31 21:11:09,405 [INFO] PluginManage:359 - Loaded plugin userauth (category:base,tabindex:14)
2026-03-31 21:11:09,405 [INFO] PluginManage:283 - PluginManage : Loaded plugins [18]
2026-03-31 21:11:09,762 [INFO] PinOutPanel:1589 - setPackage(No Configuration,No Configuration)
2026-03-31 21:11:09,934 [INFO] CADModel:165 - CPN selected for project level
2026-03-31 21:11:09,934 [INFO] CADModel:114 - Register for checkConnection events
2026-03-31 21:11:09,966 [INFO] IPUIPlugin:80 - create IPUIPlugin
2026-03-31 21:11:09,967 [INFO] PluginManager:220 - loadIPPluginJar : add adc
2026-03-31 21:11:09,973 [INFO] IPUIPlugin:80 - create IPUIPlugin
2026-03-31 21:11:09,973 [INFO] PluginManager:220 - loadIPPluginJar : add aes
2026-03-31 21:11:09,979 [INFO] IPUIPlugin:80 - create IPUIPlugin
2026-03-31 21:11:09,979 [INFO] PluginManager:220 - loadIPPluginJar : add can
2026-03-31 21:11:09,983 [INFO] IPUIPlugin:80 - create IPUIPlugin
2026-03-31 21:11:09,983 [INFO] PluginManager:220 - loadIPPluginJar : add comp
2026-03-31 21:11:09,989 [INFO] IPUIPlugin:80 - create IPUIPlugin
2026-03-31 21:11:09,989 [INFO] PluginManager:220 - loadIPPluginJar : add cryp
2026-03-31 21:11:09,993 [INFO] IPUIPlugin:80 - create IPUIPlugin
2026-03-31 21:11:09,994 [INFO] PluginManager:220 - loadIPPluginJar : add ddr_ctrl_phy
2026-03-31 21:11:09,999 [INFO] IPUIPlugin:80 - create IPUIPlugin
2026-03-31 21:11:09,999 [INFO] PluginManager:220 - loadIPPluginJar : add dfsdm
2026-03-31 21:11:10,007 [INFO] IPUIPlugin:80 - create IPUIPlugin
2026-03-31 21:11:10,009 [INFO] PluginManager:220 - loadIPPluginJar : add dma
2026-03-31 21:11:10,015 [INFO] IPUIPlugin:80 - create IPUIPlugin
2026-03-31 21:11:10,015 [INFO] PluginManager:220 - loadIPPluginJar : add dma3
2026-03-31 21:11:10,020 [INFO] IPUIPlugin:80 - create IPUIPlugin
2026-03-31 21:11:10,020 [INFO] PluginManager:220 - loadIPPluginJar : add extmemmanager
2026-03-31 21:11:10,024 [INFO] IPUIPlugin:80 - create IPUIPlugin
2026-03-31 21:11:10,024 [INFO] PluginManager:220 - loadIPPluginJar : add fatfs
2026-03-31 21:11:10,034 [INFO] IPUIPlugin:80 - create IPUIPlugin
2026-03-31 21:11:10,035 [INFO] PluginManager:220 - loadIPPluginJar : add fmc
2026-03-31 21:11:10,052 [INFO] IPUIPlugin:80 - create IPUIPlugin
2026-03-31 21:11:10,052 [INFO] PluginManager:220 - loadIPPluginJar : add freertos
2026-03-31 21:11:10,056 [INFO] IPUIPlugin:80 - create IPUIPlugin
2026-03-31 21:11:10,056 [INFO] PluginManager:220 - loadIPPluginJar : add genericplugin
2026-03-31 21:11:10,061 [INFO] IPUIPlugin:80 - create IPUIPlugin
2026-03-31 21:11:10,062 [INFO] PluginManager:220 - loadIPPluginJar : add gfxmmu
2026-03-31 21:11:10,074 [INFO] IPUIPlugin:80 - create IPUIPlugin
2026-03-31 21:11:10,074 [INFO] PluginManager:220 - loadIPPluginJar : add gic
2026-03-31 21:11:10,083 [INFO] IPUIPlugin:80 - create IPUIPlugin
2026-03-31 21:11:10,083 [INFO] PluginManager:220 - loadIPPluginJar : add gpio
2026-03-31 21:11:10,089 [INFO] IPUIPlugin:80 - create IPUIPlugin
2026-03-31 21:11:10,089 [INFO] PluginManager:220 - loadIPPluginJar : add gtzc
2026-03-31 21:11:10,093 [INFO] IPUIPlugin:80 - create IPUIPlugin
2026-03-31 21:11:10,093 [INFO] PluginManager:220 - loadIPPluginJar : add hash
2026-03-31 21:11:10,099 [INFO] IPUIPlugin:80 - create IPUIPlugin
2026-03-31 21:11:10,099 [INFO] PluginManager:220 - loadIPPluginJar : add i2c
2026-03-31 21:11:10,106 [INFO] IPUIPlugin:80 - create IPUIPlugin
2026-03-31 21:11:10,106 [INFO] PluginManager:220 - loadIPPluginJar : add i2s
2026-03-31 21:11:10,110 [INFO] IPUIPlugin:80 - create IPUIPlugin
2026-03-31 21:11:10,112 [INFO] PluginManager:220 - loadIPPluginJar : add i3c
2026-03-31 21:11:10,116 [INFO] IPUIPlugin:80 - create IPUIPlugin
2026-03-31 21:11:10,117 [INFO] PluginManager:220 - loadIPPluginJar : add ipddr
2026-03-31 21:11:10,128 [INFO] IPUIPlugin:80 - create IPUIPlugin
2026-03-31 21:11:10,128 [INFO] PluginManager:220 - loadIPPluginJar : add linkedlist
2026-03-31 21:11:10,134 [INFO] IPUIPlugin:80 - create IPUIPlugin
2026-03-31 21:11:10,134 [INFO] PluginManager:220 - loadIPPluginJar : add lorawan
2026-03-31 21:11:10,139 [INFO] IPUIPlugin:80 - create IPUIPlugin
2026-03-31 21:11:10,139 [INFO] PluginManager:220 - loadIPPluginJar : add ltdc
2026-03-31 21:11:10,152 [INFO] IPUIPlugin:80 - create IPUIPlugin
2026-03-31 21:11:10,152 [INFO] PluginManager:220 - loadIPPluginJar : add mdma
2026-03-31 21:11:10,159 [INFO] IPUIPlugin:80 - create IPUIPlugin
2026-03-31 21:11:10,159 [INFO] PluginManager:220 - loadIPPluginJar : add nvic
2026-03-31 21:11:10,164 [INFO] IPUIPlugin:80 - create IPUIPlugin
2026-03-31 21:11:10,166 [INFO] PluginManager:220 - loadIPPluginJar : add opamp
2026-03-31 21:11:10,176 [INFO] IPUIPlugin:80 - create IPUIPlugin
2026-03-31 21:11:10,177 [INFO] PluginManager:220 - loadIPPluginJar : add openamp
2026-03-31 21:11:10,194 [INFO] IPUIPlugin:80 - create IPUIPlugin
2026-03-31 21:11:10,194 [INFO] PluginManager:220 - loadIPPluginJar : add pdm2pcm
2026-03-31 21:11:10,208 [INFO] IPUIPlugin:80 - create IPUIPlugin
2026-03-31 21:11:10,213 [INFO] PluginManager:220 - loadIPPluginJar : add plateformsettings
2026-03-31 21:11:10,217 [INFO] IPUIPlugin:80 - create IPUIPlugin
2026-03-31 21:11:10,217 [INFO] PluginManager:220 - loadIPPluginJar : add quadspi
2026-03-31 21:11:10,223 [INFO] IPUIPlugin:80 - create IPUIPlugin
2026-03-31 21:11:10,225 [INFO] PluginManager:220 - loadIPPluginJar : add radio
2026-03-31 21:11:10,234 [INFO] IPUIPlugin:80 - create IPUIPlugin
2026-03-31 21:11:10,234 [INFO] PluginManager:220 - loadIPPluginJar : add resmgrutility
2026-03-31 21:11:10,241 [INFO] IPUIPlugin:80 - create IPUIPlugin
2026-03-31 21:11:10,241 [INFO] PluginManager:220 - loadIPPluginJar : add sai
2026-03-31 21:11:10,246 [INFO] IPUIPlugin:80 - create IPUIPlugin
2026-03-31 21:11:10,246 [INFO] PluginManager:220 - loadIPPluginJar : add spi
2026-03-31 21:11:10,259 [INFO] IPUIPlugin:80 - create IPUIPlugin
2026-03-31 21:11:10,259 [INFO] PluginManager:220 - loadIPPluginJar : add stm32_wpan
2026-03-31 21:11:10,263 [INFO] IPUIPlugin:80 - create IPUIPlugin
2026-03-31 21:11:10,263 [INFO] PluginManager:220 - loadIPPluginJar : add tim
2026-03-31 21:11:10,270 [INFO] IPUIPlugin:80 - create IPUIPlugin
2026-03-31 21:11:10,271 [INFO] PluginManager:220 - loadIPPluginJar : add touchsensing
2026-03-31 21:11:10,276 [INFO] IPUIPlugin:80 - create IPUIPlugin
2026-03-31 21:11:10,276 [INFO] PluginManager:220 - loadIPPluginJar : add tracer_emb
2026-03-31 21:11:10,280 [INFO] IPUIPlugin:80 - create IPUIPlugin
2026-03-31 21:11:10,280 [INFO] PluginManager:220 - loadIPPluginJar : add ts
2026-03-31 21:11:10,282 [INFO] IPUIPlugin:80 - create IPUIPlugin
2026-03-31 21:11:10,284 [INFO] PluginManager:220 - loadIPPluginJar : add tsc
2026-03-31 21:11:10,288 [INFO] IPUIPlugin:80 - create IPUIPlugin
2026-03-31 21:11:10,288 [INFO] PluginManager:220 - loadIPPluginJar : add ucpd
2026-03-31 21:11:10,294 [INFO] IPUIPlugin:80 - create IPUIPlugin
2026-03-31 21:11:10,294 [INFO] PluginManager:220 - loadIPPluginJar : add usart
2026-03-31 21:11:10,301 [INFO] IPUIPlugin:80 - create IPUIPlugin
2026-03-31 21:11:10,301 [INFO] PluginManager:220 - loadIPPluginJar : add usbx
2026-03-31 21:11:10,490 [FATAL] Updater:351 - Updater called before beeing initialized
2026-03-31 21:11:10,540 [INFO] RulesReader:64 - Compatibility file has been processed (317 Rules)
2026-03-31 21:11:10,559 [INFO] RulesReader:64 - Compatibility file has been processed (317 Rules)
2026-03-31 21:11:10,574 [INFO] CADModel:165 - CPN selected for project level
2026-03-31 21:11:10,574 [INFO] CADModel:114 - Register for checkConnection events
2026-03-31 21:11:10,574 [FATAL] Updater:351 - Updater called before beeing initialized
2026-03-31 21:11:10,574 [ERROR] CADModel:125 - Updater not yet initialized, retry later 
2026-03-31 21:11:10,940 [FATAL] Updater:351 - Updater called before beeing initialized
2026-03-31 21:11:10,945 [INFO] CADModel:165 - CPN selected for project level
2026-03-31 21:11:10,945 [INFO] CADModel:114 - Register for checkConnection events
2026-03-31 21:11:10,946 [FATAL] Updater:351 - Updater called before beeing initialized
2026-03-31 21:11:10,946 [ERROR] CADModel:125 - Updater not yet initialized, retry later 
2026-03-31 21:11:10,954 [FATAL] Updater:351 - Updater called before beeing initialized
2026-03-31 21:11:11,213 [FATAL] Updater:351 - Updater called before beeing initialized
2026-03-31 21:11:11,223 [INFO] DbMcusAds:53 - JSON generation date=Thu Mar 05 11:32:52 BRT 2026 (1772721172890)
2026-03-31 21:11:11,224 [FATAL] Updater:351 - Updater called before beeing initialized
2026-03-31 21:11:11,347 [WARN] DetailPanel:346 - Failed to get advertising image, set to default
2026-03-31 21:11:11,582 [FATAL] Updater:351 - Updater called before beeing initialized
2026-03-31 21:11:11,589 [FATAL] Updater:351 - Updater called before beeing initialized
2026-03-31 21:11:11,590 [FATAL] Updater:351 - Updater called before beeing initialized
2026-03-31 21:11:11,590 [WARN] DetailPanel:346 - Failed to get advertising image, set to default
2026-03-31 21:11:11,592 [FATAL] Updater:351 - Updater called before beeing initialized
2026-03-31 21:11:11,765 [ERROR] Updater:1198 - MainUpdater not yet initialized. External WinMGr cannot be set.
2026-03-31 21:11:11,773 [INFO] Updater:1134 - Updater Version found : 6.15.0
2026-03-31 21:11:11,831 [INFO] ApplicationProperties:184 - Using Application install path: C:\ST\STM32CubeIDE_1.19.0\STM32CubeIDE\plugins\com.st.stm32cube.common.mx_6.15.0.202507011659
2026-03-31 21:11:12,048 [INFO] ThirdPartyUpdaterWithRetryManager:70 - Updater plugin not ready yet. [2/15]
2026-03-31 21:11:12,519 [INFO] MainUpdater:2872 - connection check result : 10
2026-03-31 21:11:12,521 [INFO] MainUpdater:289 - Updater Check For Update Now.
2026-03-31 21:11:12,521 [INFO] MicroXplorer:498 - Change Database Version : DB.6.0.150
2026-03-31 21:11:12,533 [INFO] McuFinderGlobals:63 - Set McuFinder mode to 2 (CubeIDE integrated)
2026-03-31 21:11:12,534 [INFO] UserAuth:487 - Internet connection configuration mode: 1
2026-03-31 21:11:12,583 [INFO] JxBrowserEngine:152 - Initiate JxBrowser Engine with user profile folder
2026-03-31 21:11:12,772 [INFO] CheckServerUpdateThread:120 - End of CheckServer Thread
2026-03-31 21:11:15,042 [INFO] WebApp:169 - Instantiating new browser for Auth
2026-03-31 21:11:15,928 [WARN] PackLoader:240 - Cannot read IP mode file for STMicroelectronics.X-CUBE-AZRTOS-H7.3.5.0
2026-03-31 21:11:15,949 [WARN] PackLoader:240 - Cannot read IP mode file for STMicroelectronics.FP-SNS-MOTENVWB1.1.4.0
2026-03-31 21:11:15,959 [WARN] PackLoader:240 - Cannot read IP mode file for STMicroelectronics.FP-ATR-ASTRA1.2.0.2
2026-03-31 21:11:15,971 [WARN] PackLoader:240 - Cannot read IP mode file for STMicroelectronics.X-CUBE-SMBUS.2.1.0
2026-03-31 21:11:15,996 [WARN] PackLoader:240 - Cannot read IP mode file for STMicroelectronics.X-CUBE-AZRTOS-F7.1.1.0
2026-03-31 21:11:16,006 [WARN] PackLoader:240 - Cannot read IP mode file for STMicroelectronics.FP-SNS-MOTENV1.5.1.0
2026-03-31 21:11:16,020 [WARN] PackLoader:240 - Cannot read IP mode file for WES.I-CUBE-Cesium.1.4.0
2026-03-31 21:11:16,056 [WARN] PackLoader:240 - Cannot read IP mode file for STMicroelectronics.X-CUBE-AZRTOS-H7.3.4.0
2026-03-31 21:11:16,076 [WARN] PackLoader:240 - Cannot read IP mode file for STMicroelectronics.X-CUBE-DISPLAY.3.0.0
2026-03-31 21:11:16,099 [WARN] PackLoader:240 - Cannot read IP mode file for STMicroelectronics.FP-SNS-MOTENVWB1.1.5.0
2026-03-31 21:11:16,128 [WARN] PackLoader:240 - Cannot read IP mode file for STMicroelectronics.X-CUBE-NFC10.1.0.0
2026-03-31 21:11:16,140 [WARN] PackLoader:240 - Cannot read IP mode file for STMicroelectronics.X-CUBE-ST60.1.1.0
2026-03-31 21:11:16,156 [WARN] PackLoader:240 - Cannot read IP mode file for emotas.I-CUBE-CANOPEN.1.3.0
2026-03-31 21:11:16,170 [WARN] PackLoader:240 - Cannot read IP mode file for STMicroelectronics.X-CUBE-GNSS1.7.1.0
2026-03-31 21:11:16,189 [WARN] PackLoader:240 - Cannot read IP mode file for STMicroelectronics.FP-SNS-STBOX1.2.1.0
2026-03-31 21:11:16,229 [WARN] PackLoader:240 - Cannot read IP mode file for STMicroelectronics.FP-SNS-SMARTAG2.1.2.0
2026-03-31 21:11:16,261 [WARN] PackLoader:240 - Cannot read IP mode file for STMicroelectronics.FP-SNS-FLIGHT1.5.1.0
2026-03-31 21:11:16,286 [INFO] LogOutputStream:77 - [STDOUT_REDIRECT] 1 : Invalid condition id : UX_CORESTACK_Condition cause : null
2026-03-31 21:11:16,287 [INFO] LogOutputStream:77 - [STDOUT_REDIRECT] 1 : Invalid condition id : UX_CORESTACK_Condition cause : null
2026-03-31 21:11:16,289 [INFO] LogOutputStream:77 - [STDOUT_REDIRECT] 1 : Invalid condition id : UX_CORESTACK_Condition cause : null
2026-03-31 21:11:16,291 [INFO] LogOutputStream:77 - [STDOUT_REDIRECT] 1 : Invalid condition id : UX_CORESTACK_Condition cause : null
2026-03-31 21:11:16,294 [INFO] LogOutputStream:77 - [STDOUT_REDIRECT] 1 : Invalid condition id : UX_CORESTACK_Condition cause : null
2026-03-31 21:11:16,307 [WARN] PackLoader:240 - Cannot read IP mode file for STMicroelectronics.X-CUBE-AZRTOS-WL.2.0.0
2026-03-31 21:11:16,364 [WARN] PackLoader:240 - Cannot read IP mode file for STMicroelectronics.X-CUBE-AZRTOS-H7RS.1.2.0
2026-03-31 21:11:16,494 [WARN] PackLoader:240 - Cannot read IP mode file for STMicroelectronics.X-CUBE-BLE2.3.3.0
2026-03-31 21:11:16,562 [WARN] PackLoader:240 - Cannot read IP mode file for Infineon.AIROC-Wi-Fi-Bluetooth-STM32.1.8.0
2026-03-31 21:11:16,582 [INFO] WebApp:463 - Apply proxy settings
2026-03-31 21:11:16,583 [INFO] WebApp:548 - Chromium requires no authentication
2026-03-31 21:11:16,583 [WARN] PackLoader:240 - Cannot read IP mode file for STMicroelectronics.X-CUBE-NFC9.1.0.0
2026-03-31 21:11:16,595 [WARN] PackLoader:240 - Cannot read IP mode file for STMicroelectronics.X-CUBE-BLE1.7.1.0
2026-03-31 21:11:16,604 [WARN] PackLoader:240 - Cannot read IP mode file for wolfSSL.I-CUBE-wolfMQTT.1.19.2
2026-03-31 21:11:16,604 [INFO] WebApp:491 - Direct internet connection detected
2026-03-31 21:11:16,623 [WARN] PackLoader:240 - Cannot read IP mode file for STMicroelectronics.X-CUBE-FREERTOS.1.4.0
2026-03-31 21:11:16,637 [WARN] PackLoader:240 - Cannot read IP mode file for STMicroelectronics.X-CUBE-EEPRMA1.5.2.0
2026-03-31 21:11:16,648 [WARN] PackLoader:240 - Cannot read IP mode file for wolfSSL.I-CUBE-wolfSSL.5.8.4
2026-03-31 21:11:16,659 [WARN] PackLoader:240 - Cannot read IP mode file for Cesanta.I-CUBE-Mongoose.7.20.0
2026-03-31 21:11:16,685 [INFO] WebApp:900 - Register for checkConnection events
2026-03-31 21:11:16,685 [INFO] WebApp:463 - Apply proxy settings
2026-03-31 21:11:16,686 [INFO] WebApp:548 - Chromium requires no authentication
2026-03-31 21:11:16,688 [INFO] WebApp:491 - Direct internet connection detected
2026-03-31 21:11:16,728 [WARN] PackLoader:240 - Cannot read IP mode file for STMicroelectronics.X-CUBE-MEMS1.12.0.0
2026-03-31 21:11:16,862 [WARN] PackLoader:240 - Cannot read IP mode file for STMicroelectronics.X-CUBE-AZRTOS-G0.1.1.0
2026-03-31 21:11:16,871 [WARN] PackLoader:240 - Cannot read IP mode file for STMicroelectronics.X-CUBE-NFC4.3.0.0
2026-03-31 21:11:16,882 [WARN] PackLoader:240 - Cannot read IP mode file for EmbeddedOffice.I-CUBE-FS-RTOS.1.0.1
2026-03-31 21:11:16,889 [WARN] PackLoader:240 - Cannot read IP mode file for STMicroelectronics.X-CUBE-WB05N.2.0.0
2026-03-31 21:11:16,895 [WARN] PackLoader:240 - Cannot read IP mode file for wolfSSL.I-CUBE-wolfTPM.3.8.0
2026-03-31 21:11:16,902 [WARN] PackLoader:240 - Cannot read IP mode file for STMicroelectronics.X-CUBE-TCPP.4.2.0
2026-03-31 21:11:16,911 [WARN] PackLoader:240 - Cannot read IP mode file for RealThread.X-CUBE-RT-Thread_Nano.4.1.1
2026-03-31 21:11:16,918 [WARN] PackLoader:240 - Cannot read IP mode file for STMicroelectronics.FP-ATR-SIGFOX1.3.2.0
2026-03-31 21:11:16,924 [WARN] PackLoader:240 - Cannot read IP mode file for STMicroelectronics.X-CUBE-FREERTOS.1.5.0
2026-03-31 21:11:16,930 [WARN] PackLoader:240 - Cannot read IP mode file for ITTIA_DB.I-CUBE-ITTIADB.8.9.0
2026-03-31 21:11:16,941 [WARN] PackLoader:240 - Cannot read IP mode file for STMicroelectronics.X-CUBE-NFC6.3.2.0
2026-03-31 21:11:16,952 [WARN] PackLoader:240 - Cannot read IP mode file for STMicroelectronics.X-CUBE-AI.10.2.0
2026-03-31 21:11:16,981 [WARN] PackLoader:240 - Cannot read IP mode file for SEGGER.I-CUBE-embOS.1.3.1
2026-03-31 21:11:17,041 [WARN] PackLoader:240 - Cannot read IP mode file for STMicroelectronics.X-CUBE-ALGOBUILD.1.4.0
2026-03-31 21:11:17,050 [WARN] PackLoader:240 - Cannot read IP mode file for STMicroelectronics.X-CUBE-PM33A1.1.0.0
2026-03-31 21:11:17,073 [WARN] PackLoader:240 - Cannot read IP mode file for STMicroelectronics.X-CUBE-AZRTOS-F4.1.1.0
2026-03-31 21:11:17,079 [INFO] WebApp:225 - Starting web application
2026-03-31 21:11:17,080 [INFO] WebApp:593 - Web application path used C:\ST\STM32CubeIDE_1.19.0\STM32CubeIDE\plugins\com.st.stm32cube.common.mx_6.15.0.202507011659\db\plugins\mcufinder\reactClient1\index.html
2026-03-31 21:11:17,085 [WARN] PackLoader:240 - Cannot read IP mode file for STMicroelectronics.X-CUBE-ISPU.2.1.0
2026-03-31 21:11:17,110 [WARN] PackLoader:240 - Cannot read IP mode file for STMicroelectronics.X-CUBE-IPS.3.2.0
2026-03-31 21:11:17,134 [WARN] PackLoader:240 - Cannot read IP mode file for STMicroelectronics.X-CUBE-NFC12.1.0.0
2026-03-31 21:11:17,162 [WARN] PackLoader:240 - Cannot read IP mode file for STMicroelectronics.X-CUBE-AZRTOS-L5.2.0.0
2026-03-31 21:11:17,175 [WARN] PackLoader:240 - Cannot read IP mode file for STMicroelectronics.X-CUBE-TOUCHGFX.4.26.0
2026-03-31 21:11:17,180 [WARN] PackLoader:240 - Cannot read IP mode file for STMicroelectronics.X-CUBE-TOUCHGFX.4.26.1
2026-03-31 21:11:17,194 [WARN] PackLoader:240 - Cannot read IP mode file for STMicroelectronics.FP-SNS-STAIOTCFT.1.0.0
2026-03-31 21:11:17,209 [WARN] PackLoader:240 - Cannot read IP mode file for STMicroelectronics.X-CUBE-DPower.1.3.0
2026-03-31 21:11:17,240 [WARN] ConditionMgr:438 - getConditionDescription Invalid condition id : LAN8742 Phy interface Condition cause : null
2026-03-31 21:11:17,240 [WARN] PackLoader:240 - Cannot read IP mode file for STMicroelectronics.X-CUBE-AZRTOS-L4.2.0.0
2026-03-31 21:11:17,243 [WARN] ConditionMgr:1044 - genDependencies : Invalid condition id : LAN8742 Phy interface Condition cause : null
2026-03-31 21:11:17,245 [WARN] ConditionMgr:1044 - genDependencies : Invalid condition id : LAN8742 Phy interface Condition cause : null
2026-03-31 21:11:17,246 [WARN] ConditionMgr:1044 - genDependencies : Invalid condition id : LAN8742 Phy interface Condition cause : null
2026-03-31 21:11:17,260 [WARN] PackLoader:240 - Cannot read IP mode file for STMicroelectronics.X-CUBE-SFXS2LP1.4.0.0
2026-03-31 21:11:17,273 [WARN] PackLoader:240 - Cannot read IP mode file for STMicroelectronics.X-CUBE-ST67W61.1.2.0
2026-03-31 21:11:17,293 [WARN] PackLoader:240 - Cannot read IP mode file for STMicroelectronics.X-CUBE-BLEMGR.4.1.0
2026-03-31 21:11:17,315 [INFO] UserAuth:487 - Internet connection configuration mode: 1
2026-03-31 21:11:17,349 [WARN] ConditionMgr:438 - getConditionDescription Invalid condition id : UX DEVICE CLASS RTOS Condition cause : null
2026-03-31 21:11:17,349 [WARN] ConditionMgr:438 - getConditionDescription Invalid condition id : UX DEVICE CLASS RTOS Condition cause : null
2026-03-31 21:11:17,353 [WARN] PackLoader:240 - Cannot read IP mode file for STMicroelectronics.X-CUBE-AZRTOS-WB.2.0.0
2026-03-31 21:11:17,354 [WARN] ConditionMgr:1044 - genDependencies : Invalid condition id : UX DEVICE CLASS RTOS Condition cause : null
2026-03-31 21:11:17,354 [WARN] ConditionMgr:1044 - genDependencies : Invalid condition id : UX DEVICE CLASS RTOS Condition cause : null
2026-03-31 21:11:17,355 [WARN] ConditionMgr:1044 - genDependencies : Invalid condition id : UX DEVICE CLASS RTOS Condition cause : null
2026-03-31 21:11:17,356 [WARN] ConditionMgr:1044 - genDependencies : Invalid condition id : UX DEVICE CLASS RTOS Condition cause : null
2026-03-31 21:11:17,356 [WARN] ConditionMgr:1044 - genDependencies : Invalid condition id : UX DEVICE CLASS RTOS Condition cause : null
2026-03-31 21:11:17,369 [WARN] ConditionMgr:438 - getConditionDescription Invalid condition id : Cortex-A Device cause : null
2026-03-31 21:11:17,395 [WARN] ConditionMgr:1044 - genDependencies : Invalid condition id : Cortex-A Device cause : null
2026-03-31 21:11:17,395 [WARN] ConditionMgr:1044 - genDependencies : Invalid condition id : Cortex-A Device cause : null
2026-03-31 21:11:17,395 [WARN] ConditionMgr:1044 - genDependencies : Invalid condition id : Cortex-A Device cause : null
2026-03-31 21:11:17,434 [WARN] PackLoader:240 - Cannot read IP mode file for STMicroelectronics.X-CUBE-STSE01.2.0.0
2026-03-31 21:11:17,462 [WARN] PackLoader:240 - Cannot read IP mode file for STMicroelectronics.X-CUBE-SUBG2.5.0.0
2026-03-31 21:11:17,544 [WARN] PackLoader:240 - Cannot read IP mode file for STMicroelectronics.X-CUBE-AZRTOS-G4.2.0.0
2026-03-31 21:11:17,612 [WARN] PackLoader:240 - Cannot read IP mode file for wolfSSL.I-CUBE-wolfSSH.1.4.20
2026-03-31 21:11:17,634 [WARN] PackLoader:240 - Cannot read IP mode file for STMicroelectronics.X-CUBE-NFC7.2.0.0
2026-03-31 21:11:17,645 [WARN] PackLoader:240 - Cannot read IP mode file for STMicroelectronics.X-CUBE-ALS.1.0.2
2026-03-31 21:11:17,685 [WARN] PackLoader:240 - Cannot read IP mode file for STMicroelectronics.X-CUBE-TOF1.3.4.3
2026-03-31 21:11:17,729 [INFO] ThirdParty:978 - Integrity check success = true
2026-03-31 21:11:17,730 [INFO] IntegrityCheckThread:100 - exiting critical section [integrity check]
2026-03-31 21:11:17,730 [INFO] IntegrityCheckThread:103 - End integrity checks thread
2026-03-31 21:11:17,760 [INFO] WebApp:191 - Connection restablished
2026-03-31 21:12:03,672 [INFO] WebApp:194 - Connection lost
2026-03-31 21:12:04,080 [INFO] WebApp:191 - Connection restablished
2026-03-31 21:13:33,150 [INFO] WebApp:194 - Connection lost
2026-03-31 21:13:34,028 [INFO] WebApp:191 - Connection restablished
2026-03-31 21:15:03,639 [INFO] WebApp:194 - Connection lost
2026-03-31 21:15:04,073 [INFO] WebApp:191 - Connection restablished
2026-03-31 21:16:35,622 [INFO] WebApp:194 - Connection lost
2026-03-31 21:16:35,965 [INFO] WebApp:191 - Connection restablished
2026-03-31 21:18:06,146 [INFO] WebApp:194 - Connection lost
2026-03-31 21:18:06,531 [INFO] WebApp:191 - Connection restablished
2026-03-31 21:19:42,135 [INFO] WebApp:194 - Connection lost
2026-03-31 21:19:43,637 [INFO] WebApp:191 - Connection restablished
2026-03-31 21:19:48,142 [INFO] WebApp:194 - Connection lost
2026-03-31 21:19:48,416 [INFO] WebApp:191 - Connection restablished
2026-03-31 21:21:18,642 [INFO] WebApp:194 - Connection lost
2026-03-31 21:21:19,138 [INFO] WebApp:191 - Connection restablished
2026-03-31 21:22:49,630 [INFO] WebApp:194 - Connection lost
2026-03-31 21:22:50,122 [INFO] WebApp:191 - Connection restablished
2026-03-31 21:24:20,157 [INFO] WebApp:194 - Connection lost
2026-03-31 21:24:38,790 [INFO] WebApp:191 - Connection restablished
2026-03-31 21:25:51,842 [INFO] WebApp:194 - Connection lost
2026-03-31 21:25:53,318 [INFO] WebApp:191 - Connection restablished
2026-03-31 21:27:22,660 [INFO] WebApp:194 - Connection lost
2026-03-31 21:27:23,034 [INFO] WebApp:191 - Connection restablished
2026-03-31 21:28:53,149 [INFO] WebApp:194 - Connection lost
2026-03-31 21:28:56,588 [INFO] WebApp:191 - Connection restablished
2026-03-31 21:30:23,661 [INFO] WebApp:194 - Connection lost
2026-03-31 21:30:25,204 [INFO] WebApp:191 - Connection restablished
2026-03-31 21:31:54,125 [INFO] WebApp:194 - Connection lost
2026-03-31 21:31:54,457 [INFO] WebApp:191 - Connection restablished
2026-03-31 21:33:24,660 [INFO] WebApp:194 - Connection lost
2026-03-31 21:33:25,088 [INFO] WebApp:191 - Connection restablished
2026-03-31 21:34:55,644 [INFO] WebApp:194 - Connection lost
2026-03-31 21:37:34,477 [INFO] WebApp:191 - Connection restablished
2026-03-31 21:37:58,721 [INFO] WebApp:194 - Connection lost
2026-03-31 21:37:59,123 [INFO] WebApp:191 - Connection restablished
2026-03-31 22:04:46,929 [INFO] WebApp:194 - Connection lost
2026-03-31 22:04:47,594 [INFO] WebApp:191 - Connection restablished
2026-03-31 22:04:53,132 [INFO] WebApp:194 - Connection lost
2026-03-31 22:04:53,341 [INFO] WebApp:191 - Connection restablished
2026-03-31 22:10:19,366 [ERROR] LogOutputStream:75 - [STDERR_REDIRECT] 
