22:42:12 **** Incremental Build of configuration Debug for project EXemplo_2_PWM_E_ADC_COM_DMA ****
make -j8 all 
arm-none-eabi-gcc "../Core/Src/main.c" -mcpu=cortex-m3 -std=gnu11 -g3 -DDEBUG -DUSE_HAL_DRIVER -DSTM32F103x6 -c -I../Core/Inc -I../Drivers/STM32F1xx_HAL_Driver/Inc/Legacy -I../Drivers/STM32F1xx_HAL_Driver/Inc -I../Drivers/CMSIS/Device/ST/STM32F1xx/Include -I../Drivers/CMSIS/Include -O0 -ffunction-sections -fdata-sections -Wall -fstack-usage -fcyclomatic-complexity -MMD -MP -MF"Core/Src/main.d" -MT"Core/Src/main.o" --specs=nano.specs -mfloat-abi=soft -mthumb -o "Core/Src/main.o"
arm-none-eabi-gcc -o "EXemplo_2_PWM_E_ADC_COM_DMA.elf" @"objects.list"   -mcpu=cortex-m3 -T"C:\GIT\Aulas2026_1\ProjetosSTM32\EXemplo_2_PWM_E_ADC_COM_DMA\STM32F103C6TX_FLASH.ld" --specs=nosys.specs -Wl,-Map="EXemplo_2_PWM_E_ADC_COM_DMA.map" -Wl,--gc-sections -static --specs=nano.specs -mfloat-abi=soft -mthumb -Wl,--start-group -lc -lm -Wl,--end-group
Finished building target: EXemplo_2_PWM_E_ADC_COM_DMA.elf
 
arm-none-eabi-size  EXemplo_2_PWM_E_ADC_COM_DMA.elf 
arm-none-eabi-objdump -h -S EXemplo_2_PWM_E_ADC_COM_DMA.elf  > "EXemplo_2_PWM_E_ADC_COM_DMA.list"
   text	   data	    bss	    dec	    hex	filename
  17592	     12	   1860	  19464	   4c08	EXemplo_2_PWM_E_ADC_COM_DMA.elf
Finished building: default.size.stdout
 
Finished building: EXemplo_2_PWM_E_ADC_COM_DMA.list
 

22:42:14 Build Finished. 0 errors, 0 warnings. (took 1s.606ms)

