21:13:55 **** Incremental Build of configuration Debug for project UART_EX1_ADC_DMA ****
make -j8 all 
arm-none-eabi-gcc "../Core/Src/main.c" -mcpu=cortex-m3 -std=gnu11 -g3 -DDEBUG -DUSE_HAL_DRIVER -DSTM32F103x6 -c -I../Core/Inc -I../Drivers/STM32F1xx_HAL_Driver/Inc/Legacy -I../Drivers/STM32F1xx_HAL_Driver/Inc -I../Drivers/CMSIS/Device/ST/STM32F1xx/Include -I../Drivers/CMSIS/Include -O0 -ffunction-sections -fdata-sections -Wall -fstack-usage -fcyclomatic-complexity -MMD -MP -MF"Core/Src/main.d" -MT"Core/Src/main.o" --specs=nano.specs -mfloat-abi=soft -mthumb -o "Core/Src/main.o"
arm-none-eabi-gcc -o "UART_EX1_ADC_DMA.elf" @"objects.list"   -mcpu=cortex-m3 -T"C:\GIT\Aulas2026_1\ProjetosSTM32\UART_EX1_ADC_DMA\STM32F103C6TX_FLASH.ld" --specs=nosys.specs -Wl,-Map="UART_EX1_ADC_DMA.map" -Wl,--gc-sections -static --specs=nano.specs -mfloat-abi=soft -mthumb -u _printf_float -Wl,--start-group -lc -lm -Wl,--end-group
Finished building target: UART_EX1_ADC_DMA.elf
 
arm-none-eabi-size  UART_EX1_ADC_DMA.elf 
arm-none-eabi-objdump -h -S UART_EX1_ADC_DMA.elf  > "UART_EX1_ADC_DMA.list"
   text	   data	    bss	    dec	    hex	filename
  27584	    468	   2172	  30224	   7610	UART_EX1_ADC_DMA.elf
Finished building: default.size.stdout
 
Finished building: UART_EX1_ADC_DMA.list
 

21:13:57 Build Finished. 0 errors, 0 warnings. (took 1s.377ms)

